/Users/yyu/.pyenv/versions/3.12.5/lib/python3.12/site-packages/sklearn/linear_model/_logistic.py:1170: UserWarning: Setting penalty=None will ignore the C and l1_ratio parameters
  warnings.warn(
INFO: SC02 low    target 1.15: '1.2x' -> '1.2x'
INFO: SC02 medium target 1.35: '1.44x' -> '1.44x'
INFO: SC02 high   target 1.75: '1.95x' -> '1.95x'
INFO: SC04 low    target 1.15: 'lambda 0.137' -> 'lambda 0.138'
INFO: SC04 medium target 1.28: 'lambda 0.279' -> 'lambda 0.283'
INFO: SC04 high   target 1.35: 'lambda 0.367' -> 'lambda 0.37'
INFO: SC07 low    target 1.15: '2.12x' -> '2.12x'
INFO: SC07 medium target 1.35: '3.51x' -> '3.49x'
INFO: SC07 high   target 1.75: '8.41x' -> '8.21x'
INFO: SC08 low    target 1.15: '5.67 pct relative Se loss' -> '5.68 pct relative Se loss'
INFO: SC08 medium target 1.35: '13.6 pct' -> '13.7 pct'
INFO: SC08 high   target 1.75: '28.8 pct' -> '29 pct'
INFO: SC09 low    target 1.15: '5.81 pct' -> '5.81 pct'
INFO: SC09 medium target 1.35: '14.9 pct' -> '14.9 pct'
INFO: SC09 high   target 1.71: '30.3 pct' -> '30.3 pct'
INFO: SC17 low    target 1.15: '50.4 pct of weights replaced' -> '50.6 pct of weights replaced'
INFO: SC17 medium target 1.35: '65.3 pct' -> '65.6 pct'
WARNING: SC17 high: target 1.74 is 0.009 above the maximum 1.731, using the cap 0.9
INFO: SC17 high   target 1.74: '90 pct' -> '90 pct'
INFO: SC19 low    target 1.15: '20 pct' -> '18.1 pct'
INFO: SC19 medium target 1.35: '48.4 pct' -> '49 pct'
INFO: SC19 high   target 1.50: '69.9 pct' -> '70 pct'
INFO: SC25 low    target 1.22: '12.9 pct relative Se loss on a 0.5 SD shift' -> '12.9 pct relative Se loss on a 0.5 SD shift'
INFO: SC25 medium target 1.35: '19.6 pct' -> '19.6 pct'
INFO: SC25 high   target 1.75: '42.4 pct' -> '42.5 pct'
INFO: Wrote /Users/yyu/workspace/Continuous-Clinical-Assurance/phase2/results/d3/rater_2/scenarios.yaml
